2026-08-16T04:43:46+00:00 INFO    [event=application.started] IPTV-API 版本: 3.0.0 (构建时间: 2026-08-07 11:45:59)
2026-08-16T04:43:46+00:00 INFO    [phase=prepare event=network.ipv6.checking] 🛜 正在检查当前网络是否支持IPv6...
2026-08-16T04:43:47+00:00 WARNING [phase=prepare event=network.ipv6.unsupported] 当前网络不支持IPv6，别担心，IPv6的结果会被保存下来
2026-08-16T04:43:47+00:00 INFO    [run=71c2aa343902472c9570b8fa5c20b5c2 phase=prepare event=run.started] 性能模式: auto → balance，可用资源: 4.0 CPU / 15.61 GB，并发: 测速 8、媒体探测 2、源抓取 8
2026-08-16T04:43:47+00:00 INFO    [run=71c2aa343902472c9570b8fa5c20b5c2 phase=prepare event=channels.catalog_loaded] 频道目录已加载：白名单 0，黑名单 2，台标 21
2026-08-16T04:43:47+00:00 INFO    [run=71c2aa343902472c9570b8fa5c20b5c2 phase=fetch event=sources.subscribe.summary] 订阅源数量：0，订阅白名单数量：0，停用地址数量：0，有效总数量：0
2026-08-16T04:43:47+00:00 WARNING [run=71c2aa343902472c9570b8fa5c20b5c2 phase=fetch event=sources.subscribe.empty] 没有找到有效的订阅地址，请检查文件：config/subscribe.txt，需要添加订阅地址后才能获取订阅源！
2026-08-16T04:43:47+00:00 INFO    [run=71c2aa343902472c9570b8fa5c20b5c2 phase=fetch event=sources.epg.summary] EPG源数量：1，EPG白名单数量：0，停用地址数量：0，有效总数量：1
2026-08-16T04:43:47+00:00 INFO    [run=71c2aa343902472c9570b8fa5c20b5c2 phase=fetch event=progress.started] 正在进行获取EPG源  0/1
2026-08-16T04:43:48+00:00 INFO    [run=71c2aa343902472c9570b8fa5c20b5c2 phase=fetch event=epg.source_parsed] EPG 源解析完成：http://e.erw.cc/e.xml.gz，保留节目 2318 条
2026-08-16T04:43:48+00:00 INFO    [run=71c2aa343902472c9570b8fa5c20b5c2 phase=fetch event=progress.updated] 正在进行获取EPG源  1/1 (100%)  剩余 0
2026-08-16T04:43:48+00:00 INFO    [run=71c2aa343902472c9570b8fa5c20b5c2 phase=fetch event=sources.epg.finished] EPG源: ✅ 有效地址数量：1，⛔ 停用地址数量：0
2026-08-16T04:43:48+00:00 INFO    [run=71c2aa343902472c9570b8fa5c20b5c2 phase=fetch event=progress.finished] 正在进行获取EPG源  1/1  匹配 62 个频道
2026-08-16T04:43:48+00:00 INFO    [run=71c2aa343902472c9570b8fa5c20b5c2 phase=aggregate event=channels.aggregated] 频道数据聚合完成：72 个频道，0 个接口（IPv4 0 / IPv6 0）
2026-08-16T04:43:48+00:00 WARNING [run=71c2aa343902472c9570b8fa5c20b5c2 phase=aggregate event=run.empty_data] 未生成频道数据：模板包含 74 个频道，但没有配置任何可用接口。
下一步：在 config/subscribe.txt 添加 txt/m3u 订阅地址，或在 config/local.txt 添加本地频道接口。Docker 用户请确认挂载后的 /iptv-api/config/subscribe.txt 不是空文件。教程：https://github.com/Guovin/iptv-api/blob/master/docs/tutorial.md#添加数据源与更多
2026-08-16T04:43:48+00:00 INFO    [run=71c2aa343902472c9570b8fa5c20b5c2 phase=speed_test event=speed_test.planned] 总接口数量: 0, 需要进行测速的接口数量: 0
2026-08-16T04:43:48+00:00 INFO    [run=71c2aa343902472c9570b8fa5c20b5c2 phase=output event=output.written] 结果文件生成完成：更新 3 个文件
2026-08-16T04:43:48+00:00 INFO    [run=71c2aa343902472c9570b8fa5c20b5c2 phase=statistics event=statistics.finished] 频道统计完成：测试 0，有效 0
2026-08-16T04:43:48+00:00 INFO    [run=71c2aa343902472c9570b8fa5c20b5c2 phase=complete event=run.summary] 更新摘要
2026-08-16T04:43:48+00:00 WARNING [run=71c2aa343902472c9570b8fa5c20b5c2 phase=complete event=run.finished] 运行完成，但未生成频道数据，请按提示配置或检查数据源。
